../HAL/STM32F1xx_HAL_Driver/Src/stm32f1xx_hal_usart.c:297:19:HAL_USART_Init	16	static
../HAL/STM32F1xx_HAL_Driver/Src/stm32f1xx_hal_usart.c:356:19:HAL_USART_DeInit	16	static
../HAL/STM32F1xx_HAL_Driver/Src/stm32f1xx_hal_usart.c:399:13:HAL_USART_MspInit	16	static
../HAL/STM32F1xx_HAL_Driver/Src/stm32f1xx_hal_usart.c:414:13:HAL_USART_MspDeInit	16	static
../HAL/STM32F1xx_HAL_Driver/Src/stm32f1xx_hal_usart.c:740:19:HAL_USART_Transmit	48	static
../HAL/STM32F1xx_HAL_Driver/Src/stm32f1xx_hal_usart.c:829:19:HAL_USART_Receive	48	static
../HAL/STM32F1xx_HAL_Driver/Src/stm32f1xx_hal_usart.c:930:19:HAL_USART_TransmitReceive	56	static
../HAL/STM32F1xx_HAL_Driver/Src/stm32f1xx_hal_usart.c:1070:19:HAL_USART_Transmit_IT	24	static
../HAL/STM32F1xx_HAL_Driver/Src/stm32f1xx_hal_usart.c:1123:19:HAL_USART_Receive_IT	24	static
../HAL/STM32F1xx_HAL_Driver/Src/stm32f1xx_hal_usart.c:1181:19:HAL_USART_TransmitReceive_IT	24	static
../HAL/STM32F1xx_HAL_Driver/Src/stm32f1xx_hal_usart.c:1240:19:HAL_USART_Transmit_DMA	32	static
../HAL/STM32F1xx_HAL_Driver/Src/stm32f1xx_hal_usart.c:1307:19:HAL_USART_Receive_DMA	32	static
../HAL/STM32F1xx_HAL_Driver/Src/stm32f1xx_hal_usart.c:1405:19:HAL_USART_TransmitReceive_DMA	32	static
../HAL/STM32F1xx_HAL_Driver/Src/stm32f1xx_hal_usart.c:1496:19:HAL_USART_DMAPause	16	static
../HAL/STM32F1xx_HAL_Driver/Src/stm32f1xx_hal_usart.c:1516:19:HAL_USART_DMAResume	16	static
../HAL/STM32F1xx_HAL_Driver/Src/stm32f1xx_hal_usart.c:1536:19:HAL_USART_DMAStop	24	static
../HAL/STM32F1xx_HAL_Driver/Src/stm32f1xx_hal_usart.c:1593:19:HAL_USART_Abort	16	static
../HAL/STM32F1xx_HAL_Driver/Src/stm32f1xx_hal_usart.c:1659:19:HAL_USART_Abort_IT	24	static
../HAL/STM32F1xx_HAL_Driver/Src/stm32f1xx_hal_usart.c:1778:6:HAL_USART_IRQHandler	40	static
../HAL/STM32F1xx_HAL_Driver/Src/stm32f1xx_hal_usart.c:1940:13:HAL_USART_TxCpltCallback	16	static
../HAL/STM32F1xx_HAL_Driver/Src/stm32f1xx_hal_usart.c:1955:13:HAL_USART_TxHalfCpltCallback	16	static
../HAL/STM32F1xx_HAL_Driver/Src/stm32f1xx_hal_usart.c:1970:13:HAL_USART_RxCpltCallback	16	static
../HAL/STM32F1xx_HAL_Driver/Src/stm32f1xx_hal_usart.c:1985:13:HAL_USART_RxHalfCpltCallback	16	static
../HAL/STM32F1xx_HAL_Driver/Src/stm32f1xx_hal_usart.c:2000:13:HAL_USART_TxRxCpltCallback	16	static
../HAL/STM32F1xx_HAL_Driver/Src/stm32f1xx_hal_usart.c:2015:13:HAL_USART_ErrorCallback	16	static
../HAL/STM32F1xx_HAL_Driver/Src/stm32f1xx_hal_usart.c:2029:13:HAL_USART_AbortCpltCallback	16	static
../HAL/STM32F1xx_HAL_Driver/Src/stm32f1xx_hal_usart.c:2068:24:HAL_USART_GetState	16	static
../HAL/STM32F1xx_HAL_Driver/Src/stm32f1xx_hal_usart.c:2079:10:HAL_USART_GetError	16	static
../HAL/STM32F1xx_HAL_Driver/Src/stm32f1xx_hal_usart.c:2117:13:USART_DMATransmitCplt	24	static
../HAL/STM32F1xx_HAL_Driver/Src/stm32f1xx_hal_usart.c:2156:13:USART_DMATxHalfCplt	24	static
../HAL/STM32F1xx_HAL_Driver/Src/stm32f1xx_hal_usart.c:2175:13:USART_DMAReceiveCplt	24	static
../HAL/STM32F1xx_HAL_Driver/Src/stm32f1xx_hal_usart.c:2249:13:USART_DMARxHalfCplt	24	static
../HAL/STM32F1xx_HAL_Driver/Src/stm32f1xx_hal_usart.c:2268:13:USART_DMAError	24	static
../HAL/STM32F1xx_HAL_Driver/Src/stm32f1xx_hal_usart.c:2312:26:USART_WaitOnFlagUntilTimeout	24	static
../HAL/STM32F1xx_HAL_Driver/Src/stm32f1xx_hal_usart.c:2352:13:USART_EndTxTransfer	16	static
../HAL/STM32F1xx_HAL_Driver/Src/stm32f1xx_hal_usart.c:2366:13:USART_EndRxTransfer	16	static
../HAL/STM32F1xx_HAL_Driver/Src/stm32f1xx_hal_usart.c:2382:13:USART_DMAAbortOnError	24	static
../HAL/STM32F1xx_HAL_Driver/Src/stm32f1xx_hal_usart.c:2405:13:USART_DMATxAbortCallback	24	static
../HAL/STM32F1xx_HAL_Driver/Src/stm32f1xx_hal_usart.c:2448:13:USART_DMARxAbortCallback	24	static
../HAL/STM32F1xx_HAL_Driver/Src/stm32f1xx_hal_usart.c:2490:26:USART_Transmit_IT	24	static
../HAL/STM32F1xx_HAL_Driver/Src/stm32f1xx_hal_usart.c:2529:26:USART_EndTransmit_IT	16	static
../HAL/STM32F1xx_HAL_Driver/Src/stm32f1xx_hal_usart.c:2556:26:USART_Receive_IT	24	static
../HAL/STM32F1xx_HAL_Driver/Src/stm32f1xx_hal_usart.c:2632:26:USART_TransmitReceive_IT	24	static
../HAL/STM32F1xx_HAL_Driver/Src/stm32f1xx_hal_usart.c:2730:13:USART_SetConfig	24	static
